mode: set
github.com/twinbeard/goLearning/test/basic/main.go:3.24,6.2 1 1
